---
source: youtube_chat_macro/src/lib.rs
expression: expanded.to_string()
---
impl LiveChatClientBuilder < String , Empty , Empty , Empty , Empty > { pub fn build (self) -> LiveChatClient < Empty , Empty , Empty , Empty > { LiveChatClient { live_url : self . live_url , on_start : Empty , on_end : Empty , on_chat : Empty , on_error : Empty , options : None , } } } impl < SF > LiveChatClientBuilder < String , SF , Empty , Empty , Empty > where SF : Fn (String) { pub fn build (self) -> LiveChatClient < SF , Empty , Empty , Empty > { LiveChatClient { live_url : self . live_url , on_start : self . on_start , on_end : Empty , on_chat : Empty , on_error : Empty , options : None , } } } impl < ENF > LiveChatClientBuilder < String , Empty , ENF , Empty , Empty > where ENF : Fn () { pub fn build (self) -> LiveChatClient < Empty , ENF , Empty , Empty > { LiveChatClient { live_url : self . live_url , on_start : Empty , on_end : self . on_end , on_chat : Empty , on_error : Empty , options : None , } } } impl < SF , ENF > LiveChatClientBuilder < String , SF , ENF , Empty , Empty > where SF : Fn (String) , ENF : Fn () { pub fn build (self) -> LiveChatClient < SF , ENF , Empty , Empty > { LiveChatClient { live_url : self . live_url , on_start : self . on_start , on_end : self . on_end , on_chat : Empty , on_error : Empty , options : None , } } } impl < CF > LiveChatClientBuilder < String , Empty , Empty , CF , Empty > where CF : Fn (ChatItem) { pub fn build (self) -> LiveChatClient < Empty , Empty , CF , Empty > { LiveChatClient { live_url : self . live_url , on_start : Empty , on_end : Empty , on_chat : self . on_chat , on_error : Empty , options : None , } } } impl < SF , CF > LiveChatClientBuilder < String , SF , Empty , CF , Empty > where SF : Fn (String) , CF : Fn (ChatItem) { pub fn build (self) -> LiveChatClient < SF , Empty , CF , Empty > { LiveChatClient { live_url : self . live_url , on_start : self . on_start , on_end : Empty , on_chat : self . on_chat , on_error : Empty , options : None , } } } impl < ENF , CF > LiveChatClientBuilder < String , Empty , ENF , CF , Empty > where ENF : Fn () , CF : Fn (ChatItem) { pub fn build (self) -> LiveChatClient < Empty , ENF , CF , Empty > { LiveChatClient { live_url : self . live_url , on_start : Empty , on_end : self . on_end , on_chat : self . on_chat , on_error : Empty , options : None , } } } impl < SF , ENF , CF > LiveChatClientBuilder < String , SF , ENF , CF , Empty > where SF : Fn (String) , ENF : Fn () , CF : Fn (ChatItem) { pub fn build (self) -> LiveChatClient < SF , ENF , CF , Empty > { LiveChatClient { live_url : self . live_url , on_start : self . on_start , on_end : self . on_end , on_chat : self . on_chat , on_error : Empty , options : None , } } } impl < ERF > LiveChatClientBuilder < String , Empty , Empty , Empty , ERF > where ERF : Fn (anyhow :: Error) { pub fn build (self) -> LiveChatClient < Empty , Empty , Empty , ERF > { LiveChatClient { live_url : self . live_url , on_start : Empty , on_end : Empty , on_chat : Empty , on_error : self . on_error , options : None , } } } impl < SF , ERF > LiveChatClientBuilder < String , SF , Empty , Empty , ERF > where SF : Fn (String) , ERF : Fn (anyhow :: Error) { pub fn build (self) -> LiveChatClient < SF , Empty , Empty , ERF > { LiveChatClient { live_url : self . live_url , on_start : self . on_start , on_end : Empty , on_chat : Empty , on_error : self . on_error , options : None , } } } impl < ENF , ERF > LiveChatClientBuilder < String , Empty , ENF , Empty , ERF > where ENF : Fn () , ERF : Fn (anyhow :: Error) { pub fn build (self) -> LiveChatClient < Empty , ENF , Empty , ERF > { LiveChatClient { live_url : self . live_url , on_start : Empty , on_end : self . on_end , on_chat : Empty , on_error : self . on_error , options : None , } } } impl < SF , ENF , ERF > LiveChatClientBuilder < String , SF , ENF , Empty , ERF > where SF : Fn (String) , ENF : Fn () , ERF : Fn (anyhow :: Error) { pub fn build (self) -> LiveChatClient < SF , ENF , Empty , ERF > { LiveChatClient { live_url : self . live_url , on_start : self . on_start , on_end : self . on_end , on_chat : Empty , on_error : self . on_error , options : None , } } } impl < CF , ERF > LiveChatClientBuilder < String , Empty , Empty , CF , ERF > where CF : Fn (ChatItem) , ERF : Fn (anyhow :: Error) { pub fn build (self) -> LiveChatClient < Empty , Empty , CF , ERF > { LiveChatClient { live_url : self . live_url , on_start : Empty , on_end : Empty , on_chat : self . on_chat , on_error : self . on_error , options : None , } } } impl < SF , CF , ERF > LiveChatClientBuilder < String , SF , Empty , CF , ERF > where SF : Fn (String) , CF : Fn (ChatItem) , ERF : Fn (anyhow :: Error) { pub fn build (self) -> LiveChatClient < SF , Empty , CF , ERF > { LiveChatClient { live_url : self . live_url , on_start : self . on_start , on_end : Empty , on_chat : self . on_chat , on_error : self . on_error , options : None , } } } impl < ENF , CF , ERF > LiveChatClientBuilder < String , Empty , ENF , CF , ERF > where ENF : Fn () , CF : Fn (ChatItem) , ERF : Fn (anyhow :: Error) { pub fn build (self) -> LiveChatClient < Empty , ENF , CF , ERF > { LiveChatClient { live_url : self . live_url , on_start : Empty , on_end : self . on_end , on_chat : self . on_chat , on_error : self . on_error , options : None , } } } impl < SF , ENF , CF , ERF > LiveChatClientBuilder < String , SF , ENF , CF , ERF > where SF : Fn (String) , ENF : Fn () , CF : Fn (ChatItem) , ERF : Fn (anyhow :: Error) { pub fn build (self) -> LiveChatClient < SF , ENF , CF , ERF > { LiveChatClient { live_url : self . live_url , on_start : self . on_start , on_end : self . on_end , on_chat : self . on_chat , on_error : self . on_error , options : None , } } }
